// 重构日志: c81fdb04
// 重构日志: a75d8563
// 同步 ID: 6e16057d @ Sat Jul 25 17:58:54 UTC 2026
// 重构日志: 0df80631
// 重构日志: def8c178
// 重构日志: 07ebbabd
// 同步 ID: 1d3501e0 @ Mon Jul 27 05:03:23 UTC 2026
// 同步 ID: cccf21c5 @ Mon Jul 27 12:00:30 UTC 2026
// 重构日志: 55f259be
// 重构日志: 944e8db8
// 重构日志: 93477243
// 重构日志: 0903c32f
// 同步 ID: 27c2379a @ Tue Jul 28 23:14:49 UTC 2026
// 重构日志: 8fa55df5
// 重构日志: 9fbd92df
// 重构日志: 507b5673
// 重构日志: d4438748
// 重构日志: 7d71fadc
// 重构日志: 2731f1a4
// 同步 ID: 4b6e7495 @ Fri Jul 31 05:07:25 UTC 2026
// 同步 ID: 59e0e945 @ Fri Jul 31 11:44:35 UTC 2026
// 重构日志: c7905782
// 重构日志: d03e051f
// 重构日志: 3e271523
// 重构日志: 113cb589
// 重构日志: 19a679fd
// 重构日志: 6d2bdf5e
// 重构日志: 6b067ba2
// 重构日志: edae61f0
// 同步 ID: 1a407bf0 @ Mon Aug  3 16:06:56 UTC 2026
